public void numberOutOfRangeReturnsError() {
                Assert.assertEquals( "Error", "Number out of range", numberWords.toWords( -1 ) ) ;
